00:44:07 done=0 errors=0 mem_avail=3.78GiB temp=76C sm=2405MHz
00:44:37 done=5 errors=0 mem_avail=4.1GiB temp=66C sm=2405MHz
00:45:07 done=8 errors=0 mem_avail=3.58GiB temp=69C sm=2405MHz
00:45:37 done=18 errors=0 mem_avail=3.94GiB temp=78C sm=2405MHz
00:46:08 done=26 errors=0 mem_avail=4.19GiB temp=75C sm=2405MHz
00:46:38 done=40 errors=0 mem_avail=4.17GiB temp=75C sm=2405MHz
00:47:08 done=47 errors=0 mem_avail=4.19GiB temp=75C sm=2405MHz
00:47:38 done=59 errors=0 mem_avail=4.18GiB temp=77C sm=2405MHz
00:48:08 done=69 errors=0 mem_avail=4.2GiB temp=72C sm=2405MHz
00:48:38 done=78 errors=0 mem_avail=4.19GiB temp=71C sm=2405MHz
00:49:08 done=89 errors=0 mem_avail=4.19GiB temp=73C sm=2392MHz
00:49:38 done=100 errors=0 mem_avail=4.18GiB temp=71C sm=2405MHz
00:50:08 done=112 errors=0 mem_avail=4.18GiB temp=70C sm=2405MHz
00:50:38 done=123 errors=0 mem_avail=4.17GiB temp=70C sm=2405MHz
00:51:08 done=133 errors=0 mem_avail=4.18GiB temp=69C sm=2405MHz
00:51:38 done=142 errors=0 mem_avail=4.18GiB temp=69C sm=2405MHz
00:52:08 done=152 errors=0 mem_avail=4.2GiB temp=69C sm=2405MHz
00:52:38 done=159 errors=0 mem_avail=4.18GiB temp=68C sm=2405MHz
00:53:08 done=173 errors=0 mem_avail=4.19GiB temp=68C sm=2405MHz
00:53:38 done=182 errors=0 mem_avail=4.19GiB temp=68C sm=2405MHz
00:54:08 done=198 errors=0 mem_avail=4.2GiB temp=68C sm=2405MHz
00:54:38 done=209 errors=0 mem_avail=4.2GiB temp=69C sm=2405MHz
00:55:08 done=220 errors=0 mem_avail=4.19GiB temp=68C sm=2405MHz
00:55:38 done=231 errors=0 mem_avail=4.08GiB temp=70C sm=2405MHz
00:56:08 done=242 errors=0 mem_avail=4.19GiB temp=71C sm=2405MHz
00:56:39 done=251 errors=0 mem_avail=4.2GiB temp=72C sm=2405MHz
00:57:09 done=266 errors=0 mem_avail=4.2GiB temp=72C sm=2405MHz
00:57:39 done=275 errors=0 mem_avail=4.2GiB temp=77C sm=2398MHz
00:58:09 done=285 errors=0 mem_avail=4.19GiB temp=74C sm=2405MHz
00:58:39 done=297 errors=0 mem_avail=4.19GiB temp=80C sm=2405MHz
00:59:09 done=309 errors=0 mem_avail=4.19GiB temp=74C sm=2405MHz
00:59:39 done=318 errors=0 mem_avail=4.19GiB temp=75C sm=2405MHz
01:00:09 done=332 errors=0 mem_avail=4.19GiB temp=75C sm=2405MHz
01:00:39 done=347 errors=0 mem_avail=4.19GiB temp=76C sm=2405MHz
01:01:09 done=356 errors=0 mem_avail=4.21GiB temp=75C sm=2405MHz
01:01:39 done=368 errors=0 mem_avail=4.21GiB temp=76C sm=2405MHz
01:02:09 done=382 errors=0 mem_avail=4.17GiB temp=72C sm=2405MHz
01:02:39 done=389 errors=0 mem_avail=3.65GiB temp=73C sm=2405MHz
01:03:09 done=403 errors=0 mem_avail=3.83GiB temp=77C sm=2405MHz
01:03:39 done=414 errors=0 mem_avail=3.98GiB temp=76C sm=2405MHz
01:04:09 done=426 errors=0 mem_avail=3.98GiB temp=76C sm=2405MHz
01:04:39 done=437 errors=0 mem_avail=3.98GiB temp=81C sm=2405MHz
01:05:09 done=448 errors=0 mem_avail=3.97GiB temp=76C sm=2405MHz
01:05:39 done=459 errors=0 mem_avail=3.87GiB temp=77C sm=2405MHz
01:06:09 done=468 errors=0 mem_avail=3.98GiB temp=75C sm=2405MHz
01:06:39 done=479 errors=0 mem_avail=3.99GiB temp=74C sm=2405MHz
01:07:10 done=491 errors=0 mem_avail=3.97GiB temp=73C sm=2405MHz
01:07:40 done=506 errors=0 mem_avail=3.97GiB temp=73C sm=2398MHz
01:08:10 done=515 errors=0 mem_avail=3.98GiB temp=77C sm=2405MHz
01:08:40 done=523 errors=0 mem_avail=3.98GiB temp=71C sm=2405MHz
01:09:10 done=533 errors=0 mem_avail=3.97GiB temp=77C sm=2405MHz
01:09:40 done=544 errors=0 mem_avail=3.97GiB temp=71C sm=2405MHz
01:10:10 done=553 errors=0 mem_avail=3.97GiB temp=71C sm=2405MHz
01:10:40 done=564 errors=0 mem_avail=3.98GiB temp=71C sm=2405MHz
01:11:10 done=572 errors=0 mem_avail=3.98GiB temp=70C sm=2405MHz
01:11:40 done=583 errors=0 mem_avail=3.98GiB temp=72C sm=2405MHz
01:12:10 done=596 errors=0 mem_avail=3.97GiB temp=70C sm=2405MHz
01:12:40 done=609 errors=0 mem_avail=3.97GiB temp=70C sm=2405MHz
01:13:10 done=618 errors=0 mem_avail=3.97GiB temp=74C sm=2405MHz
01:13:40 done=629 errors=0 mem_avail=3.97GiB temp=76C sm=2405MHz
01:14:10 done=640 errors=0 mem_avail=3.96GiB temp=70C sm=2405MHz
01:14:40 done=653 errors=0 mem_avail=3.96GiB temp=72C sm=2405MHz
01:15:10 done=662 errors=0 mem_avail=3.96GiB temp=76C sm=2405MHz
01:15:40 done=673 errors=0 mem_avail=3.86GiB temp=78C sm=2405MHz
01:16:10 done=686 errors=0 mem_avail=3.96GiB temp=77C sm=2398MHz
01:16:40 done=698 errors=0 mem_avail=3.96GiB temp=75C sm=2405MHz
01:17:10 done=707 errors=0 mem_avail=3.96GiB temp=76C sm=2405MHz
01:17:40 done=717 errors=0 mem_avail=3.57GiB temp=75C sm=2405MHz
01:18:11 done=728 errors=0 mem_avail=3.82GiB temp=77C sm=2405MHz
01:18:41 done=736 errors=0 mem_avail=3.89GiB temp=76C sm=2405MHz
01:19:11 done=744 errors=0 mem_avail=3.9GiB temp=81C sm=2405MHz
01:19:41 done=756 errors=0 mem_avail=3.78GiB temp=76C sm=2405MHz
01:20:11 done=764 errors=0 mem_avail=3.86GiB temp=76C sm=2405MHz
01:20:41 done=770 errors=0 mem_avail=3.86GiB temp=74C sm=2405MHz
01:21:11 done=783 errors=0 mem_avail=3.86GiB temp=76C sm=2405MHz
01:21:41 done=792 errors=0 mem_avail=3.87GiB temp=76C sm=2392MHz
01:22:11 done=803 errors=0 mem_avail=3.88GiB temp=76C sm=2405MHz
01:22:41 done=813 errors=0 mem_avail=3.88GiB temp=78C sm=2405MHz
01:23:11 done=825 errors=0 mem_avail=3.86GiB temp=80C sm=2405MHz
01:23:41 done=834 errors=0 mem_avail=3.88GiB temp=78C sm=2405MHz
01:24:11 done=844 errors=0 mem_avail=3.86GiB temp=76C sm=2405MHz
01:24:41 done=855 errors=0 mem_avail=3.87GiB temp=74C sm=2405MHz
01:25:11 done=868 errors=0 mem_avail=3.87GiB temp=77C sm=2405MHz
01:25:41 done=877 errors=0 mem_avail=3.78GiB temp=72C sm=2405MHz
01:26:11 done=886 errors=0 mem_avail=3.74GiB temp=71C sm=2405MHz
01:26:41 done=896 errors=0 mem_avail=3.78GiB temp=70C sm=2405MHz
01:27:11 done=905 errors=0 mem_avail=3.78GiB temp=73C sm=2405MHz
01:27:41 done=917 errors=0 mem_avail=3.79GiB temp=79C sm=2405MHz
01:28:11 done=929 errors=0 mem_avail=3.77GiB temp=75C sm=2405MHz
01:28:42 done=937 errors=0 mem_avail=3.79GiB temp=77C sm=2405MHz
01:29:12 done=946 errors=0 mem_avail=3.8GiB temp=75C sm=2405MHz
01:29:42 done=955 errors=0 mem_avail=3.79GiB temp=74C sm=2405MHz
01:30:12 done=965 errors=0 mem_avail=3.79GiB temp=76C sm=2405MHz
01:30:42 done=975 errors=0 mem_avail=3.79GiB temp=76C sm=2405MHz
01:31:12 done=986 errors=0 mem_avail=3.79GiB temp=77C sm=2398MHz
01:31:42 done=998 errors=0 mem_avail=3.79GiB temp=79C sm=2405MHz
01:32:12 done=1007 errors=0 mem_avail=3.78GiB temp=73C sm=2405MHz
01:32:42 done=1016 errors=0 mem_avail=3.79GiB temp=72C sm=2405MHz
01:33:12 done=1028 errors=0 mem_avail=3.79GiB temp=77C sm=2405MHz
01:33:42 done=1037 errors=0 mem_avail=3.79GiB temp=71C sm=2405MHz
01:34:12 done=1049 errors=0 mem_avail=3.79GiB temp=71C sm=2405MHz
01:34:42 done=1060 errors=0 mem_avail=3.79GiB temp=71C sm=2405MHz
01:35:12 done=1070 errors=0 mem_avail=3.79GiB temp=70C sm=2405MHz
01:35:42 done=1078 errors=0 mem_avail=3.69GiB temp=70C sm=2405MHz
01:36:12 done=1087 errors=0 mem_avail=3.79GiB temp=72C sm=2405MHz
01:36:42 done=1097 errors=0 mem_avail=3.81GiB temp=73C sm=2405MHz
01:37:12 done=1106 errors=0 mem_avail=3.73GiB temp=73C sm=2405MHz
01:37:42 done=1117 errors=0 mem_avail=3.73GiB temp=74C sm=2405MHz
01:38:12 done=1127 errors=0 mem_avail=3.73GiB temp=78C sm=2405MHz
01:38:42 done=1138 errors=0 mem_avail=3.73GiB temp=75C sm=2405MHz
01:39:13 done=1145 errors=0 mem_avail=3.73GiB temp=75C sm=2405MHz
01:39:43 done=1154 errors=0 mem_avail=3.72GiB temp=76C sm=2392MHz
01:40:13 done=1162 errors=0 mem_avail=3.71GiB temp=81C sm=2405MHz
01:40:43 done=1174 errors=0 mem_avail=3.71GiB temp=79C sm=2405MHz
01:41:13 done=1187 errors=0 mem_avail=3.71GiB temp=76C sm=2405MHz
01:41:43 done=1199 errors=0 mem_avail=3.71GiB temp=81C sm=2405MHz
01:42:13 done=1212 errors=0 mem_avail=3.72GiB temp=76C sm=2405MHz
01:42:43 done=1227 errors=0 mem_avail=3.71GiB temp=76C sm=2405MHz
01:43:13 done=1236 errors=0 mem_avail=3.71GiB temp=76C sm=2405MHz
01:43:43 done=1253 errors=0 mem_avail=3.7GiB temp=79C sm=2405MHz
01:44:13 done=1269 errors=0 mem_avail=3.72GiB temp=77C sm=2385MHz
01:44:43 done=1277 errors=0 mem_avail=3.72GiB temp=79C sm=2385MHz
01:45:13 done=1286 errors=0 mem_avail=3.72GiB temp=76C sm=2405MHz
01:45:43 done=1298 errors=0 mem_avail=3.62GiB temp=75C sm=2405MHz
01:46:13 done=1310 errors=0 mem_avail=3.7GiB temp=74C sm=2405MHz
01:46:43 done=1323 errors=0 mem_avail=3.72GiB temp=74C sm=2405MHz
01:47:13 done=1333 errors=0 mem_avail=3.73GiB temp=73C sm=2405MHz
01:47:43 done=1340 errors=0 mem_avail=3.72GiB temp=72C sm=2405MHz
01:48:13 done=1350 errors=0 mem_avail=3.72GiB temp=71C sm=2405MHz
01:48:43 done=1359 errors=0 mem_avail=3.72GiB temp=71C sm=2405MHz
01:49:14 done=1371 errors=0 mem_avail=3.72GiB temp=77C sm=2405MHz
01:49:44 done=1381 errors=0 mem_avail=3.72GiB temp=71C sm=2398MHz
01:50:14 done=1390 errors=0 mem_avail=3.72GiB temp=70C sm=2405MHz
01:50:44 done=1402 errors=0 mem_avail=3.71GiB temp=69C sm=2405MHz
01:51:14 done=1411 errors=0 mem_avail=3.71GiB temp=70C sm=2405MHz
01:51:44 done=1424 errors=0 mem_avail=3.71GiB temp=69C sm=2405MHz
01:52:14 done=1435 errors=0 mem_avail=3.72GiB temp=75C sm=2405MHz
01:52:44 done=1449 errors=0 mem_avail=3.71GiB temp=73C sm=2405MHz
01:53:14 done=1458 errors=0 mem_avail=3.72GiB temp=73C sm=2405MHz
01:53:44 done=1469 errors=0 mem_avail=3.7GiB temp=72C sm=2405MHz
01:54:14 done=1478 errors=0 mem_avail=3.69GiB temp=71C sm=2405MHz
01:54:44 done=1487 errors=0 mem_avail=3.71GiB temp=70C sm=2405MHz
01:55:14 done=1496 errors=0 mem_avail=3.7GiB temp=70C sm=2405MHz
01:55:44 done=1507 errors=0 mem_avail=3.6GiB temp=72C sm=2385MHz
01:56:14 done=1514 errors=0 mem_avail=3.7GiB temp=69C sm=2405MHz
01:56:44 done=1523 errors=0 mem_avail=3.71GiB temp=73C sm=2405MHz
01:57:14 done=1534 errors=0 mem_avail=3.71GiB temp=78C sm=2405MHz
01:57:44 done=1543 errors=0 mem_avail=3.71GiB temp=74C sm=2405MHz
01:58:14 done=1554 errors=0 mem_avail=3.71GiB temp=78C sm=2405MHz
01:58:44 done=1565 errors=0 mem_avail=3.71GiB temp=74C sm=2405MHz
01:59:14 done=1577 errors=0 mem_avail=3.72GiB temp=72C sm=2405MHz
01:59:45 done=1590 errors=0 mem_avail=3.71GiB temp=72C sm=2405MHz
02:00:15 done=1600 errors=0 mem_avail=3.71GiB temp=76C sm=2405MHz
02:00:45 done=1609 errors=0 mem_avail=3.67GiB temp=80C sm=2405MHz
02:01:15 done=1620 errors=0 mem_avail=3.75GiB temp=75C sm=2405MHz
02:01:45 done=1631 errors=0 mem_avail=3.71GiB temp=75C sm=2405MHz
02:02:15 done=1640 errors=0 mem_avail=3.72GiB temp=75C sm=2405MHz
02:02:45 done=1651 errors=0 mem_avail=3.72GiB temp=81C sm=2398MHz
02:03:15 done=1662 errors=0 mem_avail=3.72GiB temp=76C sm=2405MHz
02:03:45 done=1672 errors=0 mem_avail=3.7GiB temp=79C sm=2405MHz
02:04:15 done=1686 errors=0 mem_avail=3.72GiB temp=78C sm=2398MHz
02:04:45 done=1698 errors=0 mem_avail=3.71GiB temp=76C sm=2405MHz
02:05:15 done=1708 errors=0 mem_avail=3.72GiB temp=76C sm=2405MHz
02:05:45 done=1716 errors=0 mem_avail=3.6GiB temp=77C sm=2405MHz
02:06:15 done=1728 errors=0 mem_avail=3.7GiB temp=77C sm=2405MHz
02:06:45 done=1741 errors=0 mem_avail=3.71GiB temp=80C sm=2405MHz
02:07:15 done=1749 errors=0 mem_avail=3.71GiB temp=74C sm=2405MHz
02:07:45 done=1765 errors=0 mem_avail=3.7GiB temp=75C sm=2405MHz
02:08:15 done=1773 errors=0 mem_avail=3.71GiB temp=73C sm=2405MHz
02:08:45 done=1781 errors=0 mem_avail=3.73GiB temp=72C sm=2405MHz
02:09:15 done=1793 errors=0 mem_avail=3.72GiB temp=72C sm=2405MHz
02:09:45 done=1804 errors=0 mem_avail=3.72GiB temp=71C sm=2405MHz
02:10:15 done=1817 errors=0 mem_avail=3.72GiB temp=74C sm=2398MHz
02:10:46 done=1828 errors=0 mem_avail=3.72GiB temp=71C sm=2405MHz
02:11:16 done=1836 errors=0 mem_avail=3.73GiB temp=71C sm=2405MHz
02:11:46 done=1849 errors=0 mem_avail=3.73GiB temp=75C sm=2405MHz
02:12:16 done=1857 errors=0 mem_avail=3.72GiB temp=70C sm=2405MHz
02:12:46 done=1865 errors=0 mem_avail=3.73GiB temp=76C sm=2405MHz
02:13:16 done=1876 errors=0 mem_avail=3.71GiB temp=72C sm=2405MHz
02:13:46 done=1884 errors=0 mem_avail=3.71GiB temp=70C sm=2405MHz
02:14:16 done=1895 errors=0 mem_avail=3.72GiB temp=76C sm=2405MHz
02:14:46 done=1906 errors=0 mem_avail=3.72GiB temp=70C sm=2405MHz
02:15:16 done=1920 errors=0 mem_avail=3.71GiB temp=70C sm=2405MHz
02:15:46 done=1933 errors=0 mem_avail=3.61GiB temp=71C sm=2405MHz
02:16:16 done=1945 errors=0 mem_avail=3.69GiB temp=72C sm=2405MHz
02:16:46 done=1954 errors=0 mem_avail=3.72GiB temp=71C sm=2405MHz
02:17:16 done=1963 errors=0 mem_avail=3.71GiB temp=70C sm=2405MHz
02:17:46 done=1972 errors=0 mem_avail=3.71GiB temp=73C sm=2385MHz
02:18:16 done=1984 errors=0 mem_avail=3.71GiB temp=70C sm=2405MHz
02:18:46 done=1996 errors=0 mem_avail=3.71GiB temp=71C sm=2405MHz
02:19:16 done=2007 errors=0 mem_avail=3.72GiB temp=72C sm=2405MHz
02:19:46 done=2017 errors=0 mem_avail=4.05GiB temp=76C sm=2405MHz
02:20:16 done=2024 errors=0 mem_avail=4.08GiB temp=71C sm=2405MHz
02:20:46 done=2036 errors=0 mem_avail=4.13GiB temp=75C sm=2405MHz
02:21:17 done=2046 errors=0 mem_avail=4.15GiB temp=73C sm=2405MHz
02:21:47 done=2056 errors=0 mem_avail=4.15GiB temp=74C sm=2392MHz
02:22:17 done=2068 errors=0 mem_avail=4.15GiB temp=70C sm=2405MHz
02:22:47 done=2079 errors=0 mem_avail=4.15GiB temp=70C sm=2405MHz
02:23:17 done=2087 errors=0 mem_avail=4.14GiB temp=74C sm=2398MHz
02:23:47 done=2098 errors=0 mem_avail=4.14GiB temp=72C sm=2405MHz
02:24:17 done=2107 errors=0 mem_avail=4.15GiB temp=73C sm=2405MHz
02:24:47 done=2117 errors=0 mem_avail=4.15GiB temp=74C sm=2398MHz
02:25:17 done=2128 errors=0 mem_avail=4.15GiB temp=74C sm=2405MHz
02:25:47 done=2141 errors=0 mem_avail=4.07GiB temp=78C sm=2405MHz
02:26:17 done=2150 errors=0 mem_avail=3.83GiB temp=78C sm=2405MHz
02:26:47 done=2159 errors=0 mem_avail=4.1GiB temp=75C sm=2405MHz
02:27:17 done=2169 errors=0 mem_avail=4.16GiB temp=76C sm=2405MHz
02:27:47 done=2179 errors=0 mem_avail=4.15GiB temp=76C sm=2405MHz
02:28:17 done=2192 errors=0 mem_avail=4.15GiB temp=80C sm=2398MHz
02:28:47 done=2200 errors=0 mem_avail=4.16GiB temp=81C sm=2398MHz
02:29:17 done=2209 errors=0 mem_avail=4.15GiB temp=77C sm=2405MHz
02:29:47 done=2217 errors=0 mem_avail=4.15GiB temp=76C sm=2405MHz
02:30:17 done=2227 errors=0 mem_avail=4.14GiB temp=76C sm=2405MHz
02:30:47 done=2237 errors=0 mem_avail=4.15GiB temp=80C sm=2405MHz
02:31:17 done=2246 errors=0 mem_avail=4.14GiB temp=82C sm=2405MHz
02:31:47 done=2257 errors=0 mem_avail=4.11GiB temp=77C sm=2405MHz
02:32:18 done=2268 errors=0 mem_avail=4.11GiB temp=77C sm=2405MHz
02:32:48 done=2277 errors=0 mem_avail=4.11GiB temp=81C sm=2398MHz
02:33:18 done=2288 errors=0 mem_avail=4.11GiB temp=81C sm=2398MHz
02:33:48 done=2299 errors=0 mem_avail=4.1GiB temp=81C sm=2405MHz
02:34:18 done=2307 errors=0 mem_avail=4.09GiB temp=77C sm=2405MHz
02:34:48 done=2318 errors=0 mem_avail=4.09GiB temp=77C sm=2405MHz
02:35:18 done=2327 errors=0 mem_avail=4.09GiB temp=77C sm=2405MHz
02:35:48 done=2335 errors=0 mem_avail=4.01GiB temp=78C sm=2405MHz
02:36:18 done=2343 errors=0 mem_avail=3.63GiB temp=74C sm=2405MHz
02:36:48 done=2352 errors=0 mem_avail=3.9GiB temp=73C sm=2405MHz
02:37:18 done=2362 errors=0 mem_avail=3.97GiB temp=73C sm=2405MHz
02:37:48 done=2372 errors=0 mem_avail=3.98GiB temp=72C sm=2405MHz
02:38:18 done=2384 errors=0 mem_avail=3.98GiB temp=72C sm=2405MHz
02:38:48 done=2397 errors=0 mem_avail=3.99GiB temp=75C sm=2405MHz
02:39:18 done=2410 errors=0 mem_avail=3.97GiB temp=72C sm=2405MHz
02:39:48 done=2423 errors=0 mem_avail=3.98GiB temp=71C sm=2405MHz
02:40:18 done=2435 errors=0 mem_avail=3.98GiB temp=75C sm=2405MHz
02:40:48 done=2447 errors=0 mem_avail=3.99GiB temp=74C sm=2405MHz
02:41:18 done=2457 errors=0 mem_avail=3.97GiB temp=78C sm=2385MHz
02:41:48 done=2470 errors=0 mem_avail=3.98GiB temp=78C sm=2405MHz
02:42:18 done=2477 errors=0 mem_avail=3.97GiB temp=72C sm=2405MHz
02:42:48 done=2489 errors=0 mem_avail=3.98GiB temp=77C sm=2405MHz
02:43:18 done=2498 errors=0 mem_avail=3.98GiB temp=72C sm=2405MHz
02:43:49 done=2512 errors=0 mem_avail=3.99GiB temp=71C sm=2405MHz
02:44:19 done=2524 errors=0 mem_avail=3.98GiB temp=71C sm=2405MHz
02:44:49 done=2535 errors=0 mem_avail=4.0GiB temp=72C sm=2405MHz
02:45:19 done=2546 errors=0 mem_avail=4.0GiB temp=71C sm=2405MHz
02:45:49 done=2562 errors=0 mem_avail=3.9GiB temp=71C sm=2405MHz
02:46:19 done=2574 errors=0 mem_avail=3.53GiB temp=71C sm=2405MHz
02:46:49 done=2583 errors=0 mem_avail=3.81GiB temp=74C sm=2392MHz
02:47:19 done=2595 errors=0 mem_avail=3.81GiB temp=71C sm=2405MHz
02:47:49 done=2604 errors=0 mem_avail=3.84GiB temp=70C sm=2405MHz
02:48:19 done=2616 errors=0 mem_avail=3.85GiB temp=70C sm=2405MHz
02:48:49 done=2625 errors=0 mem_avail=3.86GiB temp=69C sm=2405MHz
02:49:19 done=2634 errors=0 mem_avail=3.86GiB temp=70C sm=2405MHz
02:49:49 done=2645 errors=0 mem_avail=3.85GiB temp=70C sm=2405MHz
02:50:19 done=2657 errors=0 mem_avail=3.85GiB temp=70C sm=2405MHz
02:50:49 done=2667 errors=0 mem_avail=3.84GiB temp=70C sm=2405MHz
02:51:19 done=2677 errors=0 mem_avail=3.85GiB temp=70C sm=2405MHz
02:51:49 done=2691 errors=0 mem_avail=3.85GiB temp=70C sm=2405MHz
02:52:19 done=2701 errors=0 mem_avail=3.84GiB temp=70C sm=2405MHz
02:52:49 done=2711 errors=0 mem_avail=3.85GiB temp=70C sm=2405MHz
02:53:19 done=2724 errors=0 mem_avail=3.85GiB temp=74C sm=2405MHz
02:53:50 done=2735 errors=0 mem_avail=3.85GiB temp=70C sm=2405MHz
02:54:20 done=2744 errors=0 mem_avail=3.85GiB temp=70C sm=2405MHz
02:54:50 done=2752 errors=0 mem_avail=3.85GiB temp=70C sm=2405MHz
02:55:20 done=2765 errors=0 mem_avail=3.85GiB temp=71C sm=2405MHz
02:55:50 done=2775 errors=0 mem_avail=3.74GiB temp=74C sm=2405MHz
02:56:20 done=2786 errors=0 mem_avail=3.6GiB temp=79C sm=2405MHz
02:56:50 done=2795 errors=0 mem_avail=3.67GiB temp=74C sm=2405MHz
02:57:20 done=2810 errors=0 mem_avail=3.67GiB temp=73C sm=2405MHz
02:57:50 done=2821 errors=0 mem_avail=3.66GiB temp=72C sm=2405MHz
02:58:20 done=2830 errors=0 mem_avail=3.66GiB temp=71C sm=2405MHz
02:58:50 done=2839 errors=0 mem_avail=3.67GiB temp=71C sm=2405MHz
02:59:20 done=2850 errors=0 mem_avail=3.68GiB temp=71C sm=2405MHz
02:59:50 done=2859 errors=0 mem_avail=3.68GiB temp=72C sm=2405MHz
03:00:20 done=2873 errors=0 mem_avail=3.68GiB temp=71C sm=2405MHz
03:00:50 done=2889 errors=0 mem_avail=3.63GiB temp=70C sm=2405MHz
03:01:20 done=2898 errors=0 mem_avail=3.64GiB temp=70C sm=2405MHz
03:01:50 done=2913 errors=0 mem_avail=3.66GiB temp=74C sm=2405MHz
03:02:20 done=2924 errors=0 mem_avail=3.67GiB temp=72C sm=2405MHz
03:02:50 done=2934 errors=0 mem_avail=3.66GiB temp=76C sm=2405MHz
03:03:20 done=2952 errors=0 mem_avail=3.66GiB temp=74C sm=2405MHz
03:03:50 done=2967 errors=0 mem_avail=3.67GiB temp=74C sm=2405MHz
03:04:20 done=2980 errors=0 mem_avail=3.66GiB temp=75C sm=2405MHz
03:04:51 done=2993 errors=0 mem_avail=3.67GiB temp=71C sm=2405MHz
03:05:21 done=3004 errors=0 mem_avail=3.67GiB temp=71C sm=2405MHz
03:05:51 done=3016 errors=0 mem_avail=3.56GiB temp=74C sm=2398MHz
03:06:21 done=3026 errors=0 mem_avail=3.48GiB temp=73C sm=2405MHz
03:06:51 done=3034 errors=0 mem_avail=3.64GiB temp=73C sm=2405MHz
03:07:21 done=3046 errors=0 mem_avail=3.68GiB temp=76C sm=2398MHz
03:07:51 done=3057 errors=0 mem_avail=3.66GiB temp=71C sm=2405MHz
03:08:21 done=3068 errors=0 mem_avail=3.66GiB temp=71C sm=2405MHz
03:08:51 done=3076 errors=0 mem_avail=3.67GiB temp=71C sm=2405MHz
03:09:21 done=3088 errors=0 mem_avail=3.66GiB temp=71C sm=2405MHz
03:09:51 done=3103 errors=0 mem_avail=3.66GiB temp=76C sm=2405MHz
03:10:21 done=3115 errors=0 mem_avail=3.66GiB temp=74C sm=2405MHz
03:10:51 done=3129 errors=0 mem_avail=3.66GiB temp=74C sm=2405MHz
03:11:21 done=3141 errors=0 mem_avail=3.66GiB temp=76C sm=2385MHz
03:11:51 done=3150 errors=0 mem_avail=3.67GiB temp=76C sm=2405MHz
03:12:21 done=3161 errors=0 mem_avail=3.67GiB temp=73C sm=2405MHz
03:12:51 done=3170 errors=0 mem_avail=3.66GiB temp=74C sm=2405MHz
03:13:21 done=3179 errors=0 mem_avail=3.66GiB temp=73C sm=2405MHz
03:13:51 done=3190 errors=0 mem_avail=3.65GiB temp=72C sm=2405MHz
{
 "minutes": 150.0,
 "concurrency": 5,
 "completed": 3201,
 "errors": [],
 "mem_avail_start_gib": 3.78,
 "mem_avail_end_gib": 3.65,
 "mem_shrink_gib": 0.49,
 "gpu_temp_max": 82,
 "sm_clock_min": 2385
}
wrote results/soak-dsv4-20gb-150min.json
